// Vitest Snapshot v1, https://vitest.dev/guide/snapshot.html

exports[`Charts Container > should render charts with data that is passed 1`] = `
<div>
  <div
    class="sc-bgqQPU kOUxmS"
    data-testid="card"
  >
    <h3
      class="sc-ewnpUy kDYXBG"
    />
    <div
      class="sc-gTRrcP huiFUI"
    >
      <div
        class="sc-fFGkvd pEWOf"
        data-testid="charts"
      />
    </div>
  </div>
</div>
`;
