// Vitest Snapshot v1, https://vitest.dev/guide/snapshot.html

exports[`Card Container > should render cards properly 1`] = `
{
  "asFragment": [Function],
  "baseElement": <body>
    <div>
      <div
        class="sc-fFGkvd ilCBXb"
      >
        <div
          class="sc-bgqQPU kOUxmS"
          data-testid="card"
        >
          <h3
            class="sc-ewnpUy kDYXBG"
          >
            Efficiency
          </h3>
          <div
            class="sc-gTRrcP brAwhw"
          >
            <p
              class="sc-dicjmM iDTpwI"
            >
              Oee
              <br />
              <span
                class="sc-iVCJzH fQGMqP"
              >
                68%
              </span>
            </p>
            <p
              class="sc-dicjmM iDTpwI"
            >
              Speed loss
              <br />
              <span
                class="sc-iVCJzH bgpiLz"
              >
                -10.5
              </span>
            </p>
            <p
              class="sc-dicjmM iDTpwI"
            >
              Loss before pallets
              <br />
              <span
                class="sc-iVCJzH bgpiLz"
              >
                -268
              </span>
            </p>
          </div>
        </div>
        <div
          class="sc-bgqQPU kOUxmS"
          data-testid="card"
        >
          <h3
            class="sc-ewnpUy kDYXBG"
          >
            Downtime
          </h3>
          <div
            class="sc-gTRrcP brAwhw"
          >
            <p
              class="sc-dicjmM iDTpwI"
            >
              Unexplained downtime
              <br />
              <span
                class="sc-iVCJzH bgpiLz"
              >
                3 minutes
              </span>
            </p>
            <p
              class="sc-dicjmM iDTpwI"
            >
              Mechanical problems
              <br />
              <span
                class="sc-iVCJzH bgpiLz"
              >
                20 minutes
              </span>
            </p>
          </div>
        </div>
        <div
          class="sc-bgqQPU kOUxmS"
          data-testid="card"
        >
          <h3
            class="sc-ewnpUy kDYXBG"
          >
            Shift
          </h3>
          <div
            class="sc-gTRrcP brAwhw"
          >
            <p
              class="sc-dicjmM iDTpwI"
            >
              Cleaning in shift
              <br />
              <span
                class="sc-iVCJzH fQGMqP"
              >
                38 minutes
              </span>
            </p>
            <p
              class="sc-dicjmM iDTpwI"
            >
              Shift duration
              <br />
              <span
                class="sc-iVCJzH fQGMqP"
              >
                8 hours
              </span>
            </p>
          </div>
        </div>
      </div>
    </div>
  </body>,
  "container": <div>
    <div
      class="sc-fFGkvd ilCBXb"
    >
      <div
        class="sc-bgqQPU kOUxmS"
        data-testid="card"
      >
        <h3
          class="sc-ewnpUy kDYXBG"
        >
          Efficiency
        </h3>
        <div
          class="sc-gTRrcP brAwhw"
        >
          <p
            class="sc-dicjmM iDTpwI"
          >
            Oee
            <br />
            <span
              class="sc-iVCJzH fQGMqP"
            >
              68%
            </span>
          </p>
          <p
            class="sc-dicjmM iDTpwI"
          >
            Speed loss
            <br />
            <span
              class="sc-iVCJzH bgpiLz"
            >
              -10.5
            </span>
          </p>
          <p
            class="sc-dicjmM iDTpwI"
          >
            Loss before pallets
            <br />
            <span
              class="sc-iVCJzH bgpiLz"
            >
              -268
            </span>
          </p>
        </div>
      </div>
      <div
        class="sc-bgqQPU kOUxmS"
        data-testid="card"
      >
        <h3
          class="sc-ewnpUy kDYXBG"
        >
          Downtime
        </h3>
        <div
          class="sc-gTRrcP brAwhw"
        >
          <p
            class="sc-dicjmM iDTpwI"
          >
            Unexplained downtime
            <br />
            <span
              class="sc-iVCJzH bgpiLz"
            >
              3 minutes
            </span>
          </p>
          <p
            class="sc-dicjmM iDTpwI"
          >
            Mechanical problems
            <br />
            <span
              class="sc-iVCJzH bgpiLz"
            >
              20 minutes
            </span>
          </p>
        </div>
      </div>
      <div
        class="sc-bgqQPU kOUxmS"
        data-testid="card"
      >
        <h3
          class="sc-ewnpUy kDYXBG"
        >
          Shift
        </h3>
        <div
          class="sc-gTRrcP brAwhw"
        >
          <p
            class="sc-dicjmM iDTpwI"
          >
            Cleaning in shift
            <br />
            <span
              class="sc-iVCJzH fQGMqP"
            >
              38 minutes
            </span>
          </p>
          <p
            class="sc-dicjmM iDTpwI"
          >
            Shift duration
            <br />
            <span
              class="sc-iVCJzH fQGMqP"
            >
              8 hours
            </span>
          </p>
        </div>
      </div>
    </div>
  </div>,
  "debug": [Function],
  "findAllByAltText": [Function],
  "findAllByDisplayValue": [Function],
  "findAllByLabelText": [Function],
  "findAllByPlaceholderText": [Function],
  "findAllByRole": [Function],
  "findAllByTestId": [Function],
  "findAllByText": [Function],
  "findAllByTitle": [Function],
  "findByAltText": [Function],
  "findByDisplayValue": [Function],
  "findByLabelText": [Function],
  "findByPlaceholderText": [Function],
  "findByRole": [Function],
  "findByTestId": [Function],
  "findByText": [Function],
  "findByTitle": [Function],
  "getAllByAltText": [Function],
  "getAllByDisplayValue": [Function],
  "getAllByLabelText": [Function],
  "getAllByPlaceholderText": [Function],
  "getAllByRole": [Function],
  "getAllByTestId": [Function],
  "getAllByText": [Function],
  "getAllByTitle": [Function],
  "getByAltText": [Function],
  "getByDisplayValue": [Function],
  "getByLabelText": [Function],
  "getByPlaceholderText": [Function],
  "getByRole": [Function],
  "getByTestId": [Function],
  "getByText": [Function],
  "getByTitle": [Function],
  "queryAllByAltText": [Function],
  "queryAllByDisplayValue": [Function],
  "queryAllByLabelText": [Function],
  "queryAllByPlaceholderText": [Function],
  "queryAllByRole": [Function],
  "queryAllByTestId": [Function],
  "queryAllByText": [Function],
  "queryAllByTitle": [Function],
  "queryByAltText": [Function],
  "queryByDisplayValue": [Function],
  "queryByLabelText": [Function],
  "queryByPlaceholderText": [Function],
  "queryByRole": [Function],
  "queryByTestId": [Function],
  "queryByText": [Function],
  "queryByTitle": [Function],
  "rerender": [Function],
  "unmount": [Function],
}
`;
